ILI9341_Driver.c:19:6:ILI9341_Init	8	static
ILI9341_Driver.c:154:13:ILI9341_SPI_Init	8	static
ILI9341_Driver.c:172:6:ILI9341_SPI_Send	16	static
ILI9341_Driver.c:178:6:ILI9341_SPI_Send_Multiple	16	static
ILI9341_Driver.c:184:6:ILI9341_Reset	8	static
ILI9341_Driver.c:194:6:ILI9341_Set_Rotation	16	static
ILI9341_Driver.c:220:6:ILI9341_SPI_Send_32	16	static
ILI9341_Driver.c:233:6:ILI9341_Set_Address	32	static
ILI9341_Driver.c:245:6:ILI9341_Fill_Screen	16	static
ILI9341_Driver.c:251:6:ILI9341_Draw_Pixel	24	static
ILI9341_Driver.c:265:6:ILI9341_Draw_Filled_Rectangle	24	static
ILI9341_Driver.c:271:6:ILI9341_Draw_Empty_Rectangle	32	static
ILI9341_Driver.c:279:6:ILI9341_Draw_Line	56	static
ILI9341_Driver.c:327:6:ILI9341_Draw_Circle	72	static
ILI9341_Driver.c:412:6:ILI9341_Draw_String	32	static
ILI9341_Driver.c:446:13:ILI9341_Send_Command	16	static
ILI9341_Driver.c:451:13:ILI9341_Send_Data	16	static
ILI9341_Driver.c:456:13:ILI9341_Send_Burst	24	static
ILI9341_Driver.c:512:6:ILI9341_Draw_Double_Pixel	24	static
ILI9341_Driver.c:526:13:ILI9341_Draw_Char	32	static
ILI9341_Driver.c:578:13:Before_Sending_Data	8	static
ILI9341_Driver.c:583:13:Before_Sending_Command	8	static
ILI9341_Driver.c:588:6:ILI9341_PrintLine	24	static
