odrive.c:16:6:Odrive_Init	16	static
odrive.c:20:6:Odrive_Pos	80	static
odrive.c:25:6:Odrive_Vel	56	static
odrive.c:30:6:Odrive_Curr	40	static
odrive.c:35:6:Odrive_Traj	40	static
odrive.c:40:6:Odrive_Idle	24	static
odrive.c:45:6:Odrive_ClosedLoop	24	static
odrive.c:50:6:Odrive_Vel_Limit	40	static
odrive.c:55:6:Odrive_ClearErrors	24	static
odrive.c:61:7:Odrive_Read	32	static
odrive.c:78:7:Odrive_GetVelocity	24	static
odrive.c:84:7:Odrive_GetPosition	24	static
odrive.c:102:6:OdriveInit	24	static
odrive.c:145:6:OdriveSetControlMode	24	static
odrive.c:159:6:OdriveSetWheelDiameter	16	static
odrive.c:174:6:OdriveSetInputMode	24	static
odrive.c:198:6:OdriveSetControlInputMode	24	static
odrive.c:228:6:OdriveTurn	40	static
odrive.c:260:6:OdriveUpdatePos	24	static
odrive.c:283:6:OdriveTurnCountInertia	32	static
odrive.c:293:6:OdriveHandBrake	24	static
odrive.c:325:6:OdriveVelocity	32	static
odrive.c:349:6:OdriveStop	16	static
odrive.c:357:6:OdriveBlockingRelease	24	static
odrive.c:373:6:OdriveBlockingArm	24	static
odrive.c:387:6:OdriveRelease	16	static
odrive.c:393:6:OdriveArm	16	static
odrive.c:415:6:OdriveTorque	32	static
odrive.c:438:6:OdriveRestart	24	static
odrive.c:451:6:OdriveClearError	24	static
odrive.c:464:6:OdriveSetAbsolutePosition	24	static
odrive.c:480:6:OdriveEnquire	16	static
odrive.c:562:6:decode_Odrive	40	static
odrive.c:631:6:OdriveBlockingTurn	32	static
odrive.c:711:6:OdriveSetAxisRequestedState	24	static
odrive.c:727:6:OdriveSetInertia	24	static
odrive.c:737:6:OdriveSetTrapTrajMaxVel	24	static
odrive.c:756:6:OdriveAbsoluteTurn	32	static
odrive.c:776:6:OdriveSetRPSandCurrentMax	32	static
odrive.c:784:6:OdriveSetTrapTrajAccelDecelMax	32	static
odrive.c:795:6:OdriveSendCAN	24	static
odrive.c:801:6:OdriveSendRTRCAN	16	static
odrive.c:805:6:OdriveGetEncoderFeedback	16	static
odrive.c:810:6:OdriveGetSensorlessEstimates	16	static
odrive.c:815:6:OdriveGetShadowCount	16	static
odrive.c:820:6:OdriveGetIQValue	16	static
odrive.c:825:6:OdriveGetBusVoltage	16	static
odrive.c:830:6:OdriveRPStoVelocity	32	static
odrive.c:837:6:OdriveSetPosGain	24	static
odrive.c:844:6:OdriveSetVelGain	32	static
odrive.c:852:13:Odrive_Error_To_String	16	static
odrive.c:881:6:OdriveAngle	48	static
odrive.c:889:6:OdriveBlockingTurnAbs	24	static
odrive.c:907:6:OdriveCAN_Handler	16	static
