bldc_interface.c:77:6:bldc_interface_init	16	static
bldc_interface.c:81:6:bldc_interface_set_forward_func	16	static
bldc_interface.c:97:6:bldc_interface_send_packet	24	static
bldc_interface.c:112:6:bldc_interface_process_packet	40	static
bldc_interface.c:609:6:bldc_interface_set_rx_value_func	16	static
bldc_interface.c:613:6:bldc_interface_set_rx_value_selective_func	16	static
bldc_interface.c:617:6:bldc_interface_set_rx_printf_func	16	static
bldc_interface.c:621:6:bldc_interface_set_rx_fw_func	16	static
bldc_interface.c:625:6:bldc_interface_set_rx_rotor_pos_func	16	static
bldc_interface.c:629:6:bldc_interface_set_rx_mcconf_func	16	static
bldc_interface.c:633:6:bldc_interface_set_rx_appconf_func	16	static
bldc_interface.c:637:6:bldc_interface_set_rx_detect_func	16	static
bldc_interface.c:642:6:bldc_interface_set_rx_dec_ppm_func	16	static
bldc_interface.c:646:6:bldc_interface_set_rx_dec_adc_func	16	static
bldc_interface.c:650:6:bldc_interface_set_rx_dec_chuk_func	16	static
bldc_interface.c:654:6:bldc_interface_set_rx_mcconf_received_func	16	static
bldc_interface.c:658:6:bldc_interface_set_rx_appconf_received_func	16	static
bldc_interface.c:662:6:bldc_interface_set_sim_control_function	16	static
bldc_interface.c:666:6:bldc_interface_set_sim_values_func	16	static
bldc_interface.c:670:6:bldc_interface_terminal_cmd	24	static
bldc_interface.c:677:6:bldc_interface_set_duty_cycle	24	static
bldc_interface.c:690:6:bldc_interface_set_current	24	static
bldc_interface.c:701:6:bldc_interface_set_current_brake	24	static
bldc_interface.c:712:6:bldc_interface_set_rpm	24	static
bldc_interface.c:723:6:bldc_interface_set_pos	24	static
bldc_interface.c:734:6:bldc_interface_set_handbrake	24	static
bldc_interface.c:741:6:bldc_interface_set_servo_pos	24	static
bldc_interface.c:748:6:bldc_interface_set_mcconf	24	static
bldc_interface.c:863:6:bldc_interface_set_appconf	24	static
bldc_interface.c:944:6:bldc_interface_get_fw_version	24	static
bldc_interface.c:950:6:bldc_interface_get_values	24	static
bldc_interface.c:960:6:bldc_interface_get_values_selective	24	static
bldc_interface.c:969:6:bldc_interface_get_mcconf	24	static
bldc_interface.c:975:6:bldc_interface_get_appconf	24	static
bldc_interface.c:981:6:bldc_interface_get_decoded_ppm	24	static
bldc_interface.c:987:6:bldc_interface_get_decoded_adc	24	static
bldc_interface.c:993:6:bldc_interface_get_decoded_chuk	24	static
bldc_interface.c:1000:6:bldc_interface_detect_motor_param	32	static
bldc_interface.c:1009:6:bldc_interface_reboot	24	static
bldc_interface.c:1015:6:bldc_interface_send_alive	24	static
bldc_interface.c:1021:6:send_values_to_receiver	16	static
bldc_interface.c:1028:13:bldc_interface_fault_to_string	16	static
bldc_interface.c:1042:7:send_packet_no_fwd	24	static
