common.c:12:6:set	48	static
common.c:64:6:RNS_config	40	static
common.c:94:6:manual_mode	8	static
common.c:110:6:RobotStart	4	static
common.c:163:6:NormalControl	104	static
common.c:377:6:Auto	48	static
common.c:558:6:setPitch	16	static
common.c:592:6:setPick	16	static
common.c:598:6:CheckPickEnc	8	static
common.c:614:6:CheckPitch	8	static
common.c:643:6:CheckPick	160	static
common.c:810:6:CheckShoot	8	static
common.c:871:6:CheckLoad	8	static
common.c:991:6:CheckPick0	8	static
common.c:1007:6:Checking	8	static
common.c:1015:6:LoadRing	8	static
common.c:1022:6:StopAutoPP	8	static
common.c:1028:6:AutoLoadRing	8	static
common.c:1039:6:AdjustRings	4	static
common.c:1047:6:ResetCoordinate	8	static
common.c:1054:6:ResetPickEnc	8	static
common.c:1060:6:enq	8	static
common.c:1094:6:tune	16	static
common.c:1237:6:flywheelPID	16	static
common.c:1245:6:flywheelAct	8	static
common.c:1254:6:flywheelStop	8	static
common.c:1268:6:Shot	8	static
common.c:1275:6:Await	16	static
