common.c:12:6:set	48	static
common.c:64:6:RNS_config	40	static
common.c:94:6:manual_mode	8	static
common.c:110:6:RobotStart	4	static
common.c:164:6:NormalControl	184	static
common.c:525:6:Auto	48	static
common.c:701:6:setPitch	16	static
common.c:735:6:setPick	16	static
common.c:741:6:CheckPickEnc	8	static
common.c:757:6:CheckPitch	8	static
common.c:786:6:CheckPick	160	static
common.c:959:6:CheckShoot	8	static
common.c:1020:6:CheckLoad	8	static
common.c:1140:6:CheckPick0	8	static
common.c:1156:6:Checking	8	static
common.c:1164:6:LoadRing	8	static
common.c:1171:6:StopAutoPP	8	static
common.c:1177:6:AutoLoadRing	8	static
common.c:1188:6:AdjustRings	4	static
common.c:1196:6:ResetCoordinate	8	static
common.c:1203:6:ResetPickEnc	8	static
common.c:1209:6:enq	8	static
common.c:1243:6:tune	16	static
common.c:1386:6:flywheelPID	16	static
common.c:1394:6:flywheelAct	8	static
common.c:1403:6:flywheelStop	8	static
common.c:1417:6:Shot	8	static
common.c:1424:6:Await	16	static
